<?xml version="1.0" encoding="UTF-8"?>
<feed xmlns="http://www.w3.org/2005/Atom">
  <id>https://rushlow.dev</id>
  <title>Rushlow.dev XMLGenerator Test</title>
  <updated>2023-01-17T23:00:00+00:00</updated>
  <link href="https://rushlow.dev/feed" rel="self"/>
  <subtitle>XMLGenerator Feed Test</subtitle>
  <author>
    <name>Jesse Rushlow</name>
  </author>
</feed>
