<?xml version="1.0" encoding="UTF-8"?>
<feed xmlns="http://www.w3.org/2005/Atom">
  <id>https://rushlow.dev</id>
  <title>Rushlow.dev XMLGenerator Test</title>
  <updated>2023-01-17T23:00:00+00:00</updated>
  <entry>
    <id>https://rushlow.dev/some-link</id>
    <title>Entry Test Title</title>
    <updated>2023-01-20T23:00:00+00:00</updated>
    <content type="html">&lt;p&gt;Howdy!&lt;/p&gt;</content>
    <author>
      <name>Jesse Rushlow</name>
    </author>
  </entry>
</feed>
